// Vitest Snapshot v1, https://vitest.dev/guide/snapshot.html

exports[`image search > parse > matches snapshots from fixture data > 01-puppies.html 1`] = `
[
  "https://www.thesprucepets.com/thmb/YBO6dLNaRUrr34ra0W4KGim00q4=/6411x0/filters:no_upscale():strip_icc()/puppies-three-to-six-months-4570930-hero-bf2f59d75dcb4294991d6bd8cd51ec7c.jpg",
  "https://media.4-paws.org/1/e/d/6/1ed6da75afe37d82757142dc7c6633a532f53a7d/VIER%20PFOTEN_2019-03-15_001-2886x1999-1920x1330.jpg",
  "https://upload.wikimedia.org/wikipedia/commons/6/6e/Golde33443.jpg",
  "https://vetmed.tamu.edu/news/wp-content/uploads/sites/9/2023/05/AdobeStock_472713009.jpeg",
  "https://www.bluecross.org.uk/sites/default/files/d8/assets/images/puppy%20and%20child.jpg",
  "https://s3.amazonaws.com/cdn-origin-etr.akc.org/wp-content/uploads/2023/02/23142013/Alaskan-Malamute-puppy-laying-down-outdoors-400x267.jpg",
  "https://tractive.com/blog/wp-content/uploads/2016/04/puppy-care-guide-for-new-parents.jpg",
  "https://hastingsvet.com/wp-content/uploads/2021/08/puppy.jpg",
  "https://s3.amazonaws.com/static.organiclead.com/Site-fe665614-86f6-42df-8e54-3f3c72d42873/shutterstock_529323067.jpg",
  "https://www.treehugger.com/thmb/f6HQG1W-oKUB54TwdxfG2QZKI00=/1500x0/filters:no_upscale():max_bytes(150000):strip_icc()/GettyImages-95882865-510f04b11d614ebba5726782fdf6f720.jpg",
  "https://images.squarespace-cdn.com/content/v1/54e7a1a6e4b08db9da801ded/1583002816518-ZH2PH7Y8NY21KG3YYKNL/Screen+Shot+2020-02-26+at+2.33.24+PM.png",
  "https://i.pinimg.com/564x/36/b4/ef/36b4ef433ac9c2cf9d34e54aa3a38340.jpg",
  "https://images.squarespace-cdn.com/content/v1/53a60116e4b0488fb14d69d8/1597336605370-5BEYBPCYKAZEMWC4J7KQ/image-asset.jpeg",
  "https://media-be.chewy.com/wp-content/uploads/2015/06/14105616/how-much-sleep-do-puppies-need-1024x615.jpg",
  "https://media-be.chewy.com/wp-content/uploads/2023/04/12172406/pomeranian-dog-laying-down-1024x615.jpg",
  "https://www.fourpaws.com/-/media/Project/OneWeb/FourPaws/Images/articles/family-matters/puppy-prep-cheat-sheet/puppy-australian-shepherd-running.jpg",
  "https://s3.amazonaws.com/cdn-origin-etr.akc.org/wp-content/uploads/2022/07/20112512/American-Eskimo-Dog-puppy-running-outdoors.jpg",
  "https://petvetsilverstream.co.nz/wp-content/uploads/2023/09/getting-a-puppy.jpg",
  "https://www.petfinder.com/static/aaea4f00d379aabd5d64bb1b8981894d/542a1/shelter-dog-cropped-1.jpg",
  "https://www.dogstrust.org.uk/images/800x600/assets/2022-08/sophia_sophie_sbt_puppies_leeds_dogstrust.jpg",
  "https://www.hartz.com/wp-content/uploads/2022/01/newborn-puppies-bathroom-1.jpg",
  "https://www.thesprucepets.com/thmb/SjW08vMIOcSHBKxAxll_-Asl9wI=/2948x0/filters:no_upscale():strip_icc()/how-to-care-for-puppies-1117475-04-7799bac00ee1460dbb853887aa3b3a09.jpg",
  "https://upload.wikimedia.org/wikipedia/commons/thumb/c/cf/Keeshond_Sibirian_Husky_crossbreed_puppy.jpg/1200px-Keeshond_Sibirian_Husky_crossbreed_puppy.jpg",
  "https://images.squarespace-cdn.com/content/v1/54e7a1a6e4b08db9da801ded/de8feb97-9f94-4d4f-8fd7-49b703799464/Why+Puppies+Bark+and+How+To+Stop+It.jpg",
  "https://images.contentstack.io/v3/assets/blt6f84e20c72a89efa/blt3bdc6f8675d047ab/64343cd835650a1107644235/how-to-identify-puppy-mill-header_image.jpg",
  "https://spca.bc.ca/wp-content/uploads/2022/05/news-medical-emergency-puppy-theo-seatosky.jpg",
  "https://www.akc.org/wp-content/uploads/2021/09/Finnish-Lapphund-shutterstock_1038964219.jpg",
  "https://www.fearfreehappyhomes.com/wp-content/uploads/2020/08/PuppyZiggyAtHome-e1590163382501.jpeg",
  "https://images.saymedia-content.com/.image/t_share/MTk2NDAxNTYyMTI4NDkyMDE4/ten-reasons-why-you-shouldnt-get-a-puppy.jpg",
  "https://www.thornleighvet.com.au/wp-content/uploads/2019/06/collie-puppy-white-background-1024x1024.jpg",
  "https://www.nylabone.com/-/media/project/oneweb/nylabone/images/dog101/how-to-socialize-your-puppy/puppy-high-five-cropped.jpg",
  "https://today.tamu.edu/wp-content/uploads/2023/05/puppy-socialization.jpg",
  "https://s3-prod.dogtopia.com/wp-content/uploads/2019/03/0-570x380.jpg",
  "https://www.dogstrust.org.uk/images/800x600/assets/2022-08/Web%20ready-sneezy_puppy_leeds_dogstrust(1)_warm_edit.jpg",
  "https://www.fourpaws.com/-/media/Project/OneWeb/FourPaws/Images/articles/family-matters/puppy-prep-cheat-sheet/happy-beagle-cropped.jpg",
  "https://www.missionridgevet.com/wp-content/uploads/sites/230/2022/03/puppysocializing.jpg",
  "https://www.rover.com/blog/wp-content/uploads/puppy-stages-holding-sleeping-puppy.jpg",
  "https://columbiapikeanimalh.com/wp-content/uploads/2022/03/shutterstock_1840496137.jpg",
  "https://www.thesprucepets.com/thmb/TBDX6DvueGLunzqWBOCuIn3pe6c=/3600x0/filters:no_upscale():strip_icc()/how-to-care-for-puppies-1117475-01-40abc7a7050c4e70b1f459b138f7098a.jpg",
  "https://www.pitpat.com/wp-content/uploads/2021/05/Dog_-rights_CU_outdoors_puppy_stationary_-sitting-on-grass_cockapoo-1024x768.jpg",
  "https://images.squarespace-cdn.com/content/v1/54e7a1a6e4b08db9da801ded/7f2dae36-5650-4b84-b184-684f46fe68aa/98.jpg",
  "https://www.theacademyofpetcareers.com/wp-content/uploads/2019/02/Puppy-Biting-The-Academy-of-Pet-Careers.jpeg",
  "https://www.akc.org/wp-content/uploads/2018/08/border-collie-puppy-sweet-near-shoe.jpg",
  "https://media-be.chewy.com/wp-content/uploads/2021/02/26154509/puppy-stages-1024x615.jpg",
  "https://www.thesprucepets.com/thmb/PoUPzFs9QsAlT29s1PF9ZfxtvMg=/2562x0/filters:no_upscale():strip_icc()/labrabull-puppy-running-with-ball-in-mouth--730137499-5b9adae7c9e77c005062f7a6.jpg",
  "https://www.dailypaws.com/thmb/aMkpw93Qqcg2-aKoZi9ZlmAodek=/1500x0/filters:no_upscale():max_bytes(150000):strip_icc()/puppy-hiccups-2-485610539-2000-1c9344ddd81f454f844fa35ddcb13409.jpg",
  "https://www.familyk9.com/wp-content/uploads/2023/02/BDB45878-69F9-453C-B7E3-1955F28C6CDC-1024x768-1024x585.jpeg",
  "https://eastcoastdogtraining.co.uk/wp-content/uploads/2023/08/first-48-hours-with-your-new-puppy.jpg",
  "https://image.petmd.com/files/styles/863x625/public/2022-12/iStock-1390694526.jpg",
  "https://suzanneclothier.com/wp-content/uploads/2017/02/For-Prabs-ARTICLES38-420x420.jpg",
  "https://www.purina-arabia.com/sites/default/files/2022-04/looking-after-newborn-puppy-HERO.jpg",
  "https://actuallymummy.co.uk/wp-content/uploads/2019/12/Puppies-are-like-newborns.jpg",
  "https://www.raisingrascal.com/images/two_newborn_puppies_650_c.jpg",
  "https://images.saymedia-content.com/.image/t_share/MTk2MzMyMDkyNjQzMDkxOTk1/how-to-care-for-orphaned-puppies.jpg",
  "https://www.thesprucepets.com/thmb/rjs98gKanf7fKBuHyNIceJmJklo=/3600x0/filters:no_upscale():strip_icc()/how-to-care-for-puppies-1117475-09-4084902ed9684a5b9fe3ad45a16c551c.jpg",
  "https://www.dogsforgood.org/app/uploads/2021/11/Website-photos-Nov-21.jpg",
  "https://i.ytimg.com/vi/7p9TzlqbqZc/maxresdefault.jpg",
  "https://s3.amazonaws.com/cdn-origin-etr.akc.org/wp-content/uploads/2019/10/19132417/French-Bulldog-puppy-sitting-on-the-floor-at-home-alone.jpg",
  "https://smb.ibsrv.net/imageresizer/image/blog_images/1200x1200/58374/75587/0000655001540319655.jpg",
  "https://media-cldnry.s-nbcnews.com/image/upload/t_social_share_1024x768_scale,f_auto,q_auto:best/rockcms/2023-03/puppy-dog-mc-230321-03-b700d4.jpg",
  "https://bc.ctvnews.ca/content/dam/ctvnews/en/images/2024/4/2/bc-scpa---pebbles-1-6830811-1712089290801.png",
]
`;
